// Jest Snapshot v1, https://goo.gl/fbAQLP

exports[`App component renders App 1`] = `
<Fragment>
  <Header />
  <article
    className="art"
  >
    <Character
      gender="Male"
      image="/path/image"
      lastLocation="Testicle Monster Dimension"
      name="Abradolf Lincler"
      origin="Earth (Replacement Dimension)"
      species="Human, Genetic experiment"
      status="unkown"
    />
    <Character
      gender="Male"
      image="/path/image"
      lastLocation="Post-Apocalyptic Earth"
      name="Colossus"
      origin="Post-Apocalyptic Earth"
      species="Human"
      status="Dead"
    />
    <Character
      gender="Male"
      image="/path/image"
      lastLocation="Galactic Federation Prison"
      name="Cornvelious Daniel"
      origin="unknown"
      species="Alien, Gromflomite"
      status="Dead"
    />
    <Character
      gender="Male"
      image="/path/image"
      lastLocation="Earth (Replacement Dimension)"
      name="Mr. Marklovitz"
      origin="Earth (C-137)"
      species="Human"
      status="Alive"
    />
    <Character
      gender="Male"
      image="/path/image"
      lastLocation="Citadel of Ricks"
      name="Quantum Rick"
      origin="unknown"
      species="Human"
      status="unknown"
    />
    <Character
      gender="Female"
      image="/path/image"
      lastLocation="Earth (C-137)"
      name="Samantha"
      origin="Earth (C-137)"
      species="Human"
      status="Alive"
    />
    <Character
      gender="Female"
      image="/path/image"
      lastLocation="Nuptia 4"
      name="Zarbadar's Mytholog"
      origin="Nuptia 4"
      species="Mytholog"
      status="unknown"
    />
    <Character
      gender="Male"
      image="/path/image"
      lastLocation="Interdimensional Cable"
      name="Muscular Mannie"
      origin="Interdimensional Cable"
      species="Human, Mannie"
      status="Alive"
    />
  </article>
  <Footer />
</Fragment>
`;
